<HTML><HEAD><TITLE>400 Bad Request</TITLE></HEAD><BODY><H4>400 Bad request</H4>Bad Request.</BODY></HTML>
