HTTP/1.0 403 Forbidden
Content-Type: text/html
Content-Length: 111
Connection: close

<HTML><HEAD><TITLE>403 Forbidden</TITLE></HEAD>
<BODY><H4>403 Forbidden</H4>
Access denied.
</BODY></HTML>