Usage: proxyServer <port> <pool-size> <max-number-of-request> <filter>
